Microchip MPLAB XC8 Compiler V2.35

Linker command line:

-W-3 --edf=C:\Program Files\Microchip\xc8\v2.35\pic\dat\en_msgs.txt -cn \
  -h+dist/default/production\LABORATORIO2.X.production.sym \
  --cmf=dist/default/production\LABORATORIO2.X.production.cmf -z -Q16F887 \
  -oC:\Users\CATU\AppData\Local\Temp\xcAsvc.4 --defsym=__MPLAB_BUILD=1 \
  -Mdist/default/production/LABORATORIO2.X.production.map \
  --md=C:\Users\CATU\AppData\Local\Temp\xcAsvc.dat -E1 -ver=XC8 Compiler \
  --acfsm=1493 -ACODE=00h-07FFhx4 -ASTRCODE=00h-01FFFh -ASTRING=00h-0FFhx32 \
  -ACONST=00h-0FFhx32 -AENTRY=00h-0FFhx32 -ACOMMON=070h-07Fh \
  -ABANK0=020h-06Fh -ABANK1=0A0h-0EFh -ABANK2=0110h-016Fh \
  -ABANK3=0190h-01EFh -ARAM=020h-06Fh,0A0h-0EFh,0110h-016Fh,0190h-01EFh \
  -AABS1=020h-07Fh,0A0h-0EFh,0110h-016Fh,0190h-01EFh -ASFR0=00h-01Fh \
  -ASFR1=080h-09Fh -ASFR2=0100h-010Fh -ASFR3=0180h-018Fh \
  -ACONFIG=02007h-02008h -DCONFIG=2 -AIDLOC=02000h-02003h -DIDLOC=2 \
  -AEEDATA=00h-0FFh/02100h -peeprom_data=EEDATA -DEEDATA=2 -DCODE=2 \
  -DSTRCODE=2 -DSTRING=2 -DCONST=2 -DENTRY=2 \
  -preset_vec=00h,intentry=04h,init,end_init -ppowerup=CODE -pcinit=CODE \
  -pfunctab=ENTRY -k C:\Users\CATU\AppData\Local\Temp\xcAsvc.o \
  dist/default/production\LABORATORIO2.X.production.o 

Object code version is 3.11

Machine type is 16F887



                Name                               Link     Load   Length Selector   Space Scale
C:\Users\CATU\AppData\Local\Temp\xcAsvc.o
                end_init                              C        C        3        8       0
                reset_vec                             0        0        3        0       0
                config                             2007     2007        2        0       4
                idloc                              2000     2000        4        0       5
dist/default/production\LABORATORIO2.X.production.o
                cinit                                 F        F       15        8       0
                intentry                              4        4        8        8       0
                config                             2007     2007        2        0       4
                idloc                              2000     2000        4        0       5
                text27                             1605     1605        B     2C0A       0
                text26                             15F9     15F9        6     2BF2       0
                text25                              8E5      8E5       51     11CA       0
                text24                             1634     1634       20     2C68       0
                text23                              87D      87D       1C     10FA       0
                text22                             1610     1610        D     2C20       0
                text21                              98E      98E       5E     131C       0
                text20                              936      936       58     126C       0
                text19                             16EC     16EC       3D     2DD8       0
                text18                             1729     1729       46     2E52       0
                text17                             161D     161D       17     2C3A       0
                text16                             1654     1654       24     2CA8       0
                text15                               24       24      366        8       0
                text14                              E23      E23      1DD     1C46       0
                text13                              7D5      7D5       29        8       0
                text12                              38A      38A      361        8       0
                text11                              A50      A50       92     14A0       0
                text10                              AE2      AE2       BC     15C4       0
                text9                               B9E      B9E       C6     173C       0
                text8                               899      899       4C     1132       0
                text7                              17B5     17B5       4B     2F6A       0
                text6                               9EC      9EC       64     13D8       0
                text5                              15FF     15FF        6     2BFE       0
                text4                              1678     1678       38     2CF0       0
                text3                              176F     176F       46     2EDE       0
                text2                              16B0     16B0       3C     2D60       0
                text1                               6EB      6EB       EA        8       0
                maintext                            C64      C64      1BF     18C8       0
                cstackBANK0                          20       20       50       20       1
                cstackCOMMON                         70       70        7       70       1
                cstackBANK1                          A0       A0       1D       A0       1
                bssBANK1                             BD       BD        B       A0       1
                bssCOMMON                            77       77        4       70       1
                strings                             800      800       7A     1000       0

TOTAL           Name                               Link     Load   Length     Space
        CLASS   CODE           
                end_init                              C        C        3         0
                cinit                                 F        F       15         0
                intentry                              4        4        8         0
                reset_vec                             0        0        3         0
                text27                             1605     1605        B         0
                text26                             15F9     15F9        6         0
                text25                              8E5      8E5       51         0
                text24                             1634     1634       20         0
                text23                              87D      87D       1C         0
                text22                             1610     1610        D         0
                text21                              98E      98E       5E         0
                text20                              936      936       58         0
                text19                             16EC     16EC       3D         0
                text18                             1729     1729       46         0
                text17                             161D     161D       17         0
                text16                             1654     1654       24         0
                text15                               24       24      366         0
                text14                              E23      E23      1DD         0
                text13                              7D5      7D5       29         0
                text12                              38A      38A      361         0
                text11                              A50      A50       92         0
                text10                              AE2      AE2       BC         0
                text9                               B9E      B9E       C6         0
                text8                               899      899       4C         0
                text7                              17B5     17B5       4B         0
                text6                               9EC      9EC       64         0
                text5                              15FF     15FF        6         0
                text4                              1678     1678       38         0
                text3                              176F     176F       46         0
                text2                              16B0     16B0       3C         0
                text1                               6EB      6EB       EA         0
                maintext                            C64      C64      1BF         0

        CLASS   STRCODE        

        CLASS   STRING         
                strings                             800      800       7A         0

        CLASS   CONST          

        CLASS   ENTRY          

        CLASS   COMMON         
                cstackCOMMON                         70       70        7         1
                bssCOMMON                            77       77        4         1

        CLASS   BANK0          
                cstackBANK0                          20       20       50         1

        CLASS   BANK1          
                cstackBANK1                          A0       A0       1D         1
                bssBANK1                             BD       BD        B         1

        CLASS   BANK2          

        CLASS   BANK3          

        CLASS   RAM            

        CLASS   ABS1           
                abs_s1                               7E       7E        2         1

        CLASS   SFR0           

        CLASS   SFR1           

        CLASS   SFR2           

        CLASS   SFR3           

        CLASS   CONFIG         
                config                             2007     2007        2         4

        CLASS   IDLOC          
                idloc                              2000     2000        4         5

        CLASS   EEDATA         

        CLASS   STACK          



SEGMENTS        Name                           Load    Length   Top    Selector   Space  Class     Delta

                reset_vec                      000000  000003  000003         0       0  CODE        2
                intentry                       000004  0007FA  0007FE         8       0  CODE        2
                cstackBANK0                    000020  000050  000070        20       1  BANK0       1
                cstackCOMMON                   000070  00000B  00007B        70       1  COMMON      1
                cstackBANK1                    0000A0  000028  0000C8        A0       1  BANK1       1
                strings                        000800  00007A  00087A      1000       0  STRING      2
                text23                         00087D  00001C  000899      10FA       0  CODE        2
                text8                          000899  00004C  0008E5      1132       0  CODE        2
                text25                         0008E5  000051  000936      11CA       0  CODE        2
                text20                         000936  000058  00098E      126C       0  CODE        2
                text21                         00098E  00005E  0009EC      131C       0  CODE        2
                text6                          0009EC  000064  000A50      13D8       0  CODE        2
                text11                         000A50  000092  000AE2      14A0       0  CODE        2
                text10                         000AE2  0000BC  000B9E      15C4       0  CODE        2
                text9                          000B9E  0000C6  000C64      173C       0  CODE        2
                maintext                       000C64  0001BF  000E23      18C8       0  CODE        2
                text14                         000E23  0001DD  001000      1C46       0  CODE        2
                text26                         0015F9  000006  0015FF      2BF2       0  CODE        2
                text5                          0015FF  000006  001605      2BFE       0  CODE        2
                text27                         001605  00000B  001610      2C0A       0  CODE        2
                text22                         001610  00000D  00161D      2C20       0  CODE        2
                text17                         00161D  000017  001634      2C3A       0  CODE        2
                text24                         001634  000020  001654      2C68       0  CODE        2
                text16                         001654  000024  001678      2CA8       0  CODE        2
                text4                          001678  000038  0016B0      2CF0       0  CODE        2
                text2                          0016B0  00003C  0016EC      2D60       0  CODE        2
                text19                         0016EC  00003D  001729      2DD8       0  CODE        2
                text18                         001729  000046  00176F      2E52       0  CODE        2
                text3                          00176F  000046  0017B5      2EDE       0  CODE        2
                text7                          0017B5  00004B  001800      2F6A       0  CODE        2


UNUSED ADDRESS RANGES

        Name                Unused          Largest block    Delta
        BANK1            00C8-00EF             28           1
        BANK2            0110-016F             60           1
        BANK3            0190-01EF             60           1
        CODE             0003-0003              1           2
                         07FE-07FF              2
                         087A-087C              3
                         1000-15F8            5F9
                         1800-1FFF            800
        COMMON           007B-007D              3           1
        CONST            0003-0003              1           2
                         07FE-07FF              2
                         087A-087C              3
                         1000-15F8            100
                         1800-1FFF            100
        EEDATA           2100-21FF            100           2
        ENTRY            0003-0003              1           2
                         07FE-07FF              2
                         087A-087C              3
                         1000-15F8            100
                         1800-1FFF            100
        RAM              00C8-00EF             28           1
                         0110-016F             60
                         0190-01EF             60
        SFR0             0000-001F             20           1
        SFR1             0080-009F             20           1
        SFR2             0100-010F             10           1
        SFR3             0180-018F             10           1
        STRCODE          0003-0003              1           2
                         07FE-07FF              2
                         087A-087C              3
                         1000-15F8            5F9
                         1800-1FFF            800
        STRING           0003-0003              1           2
                         07FE-07FF              2
                         087A-087C              3
                         1000-15F8            100
                         1800-1FFF            100

                                  Symbol Table

?__Umul8_16               cstackBANK0  0020
?___fladd                 cstackBANK0  0062
?___fldiv                 cstackBANK0  002E
?___flmul                 cstackBANK0  0048
?___fltol                 cstackBANK1  00A8
?___lwdiv                 cstackBANK0  0020
?___lwmod                 cstackBANK0  0028
?___xxtofl                cstackBANK0  0020
?_adc_read                cstackCOMMON 0070
?_map                     cstackBANK1  00B1
?_sprintf                 cstackBANK0  002E
Lcd_Cmd@a                 cstackBANK0  0023
Lcd_Port@a                cstackBANK0  0020
Lcd_Set_Cursor@a          cstackBANK0  0027
Lcd_Set_Cursor@b          cstackBANK0  0024
Lcd_Set_Cursor@temp       cstackBANK0  002A
Lcd_Set_Cursor@y          cstackBANK0  0029
Lcd_Set_Cursor@z          cstackBANK0  0028
Lcd_Write_Char@a          cstackBANK0  0024
Lcd_Write_Char@temp       cstackBANK0  0022
Lcd_Write_Char@y          cstackBANK0  0023
Lcd_Write_String@a        cstackBANK0  0025
Lcd_Write_String@i        cstackBANK0  002A
_ADCON0bits               (abs)        001F
_ADCON1bits               (abs)        009F
_ADRESH                   (abs)        001E
_ANSELH                   (abs)        0189
_CCP1CON                  (abs)        0017
_CCP1CONbits              (abs)        0017
_CCP2CON                  (abs)        001D
_CCP2CONbits              (abs)        001D
_CCPR1L                   (abs)        0015
_CCPR2L                   (abs)        001B
_INTCONbits               (abs)        000B
_Lcd_Clear                text22       1610
_Lcd_Cmd                  text23       087D
_Lcd_Init                 text21       098E
_Lcd_Port                 text24       1634
_Lcd_Set_Cursor           text20       0936
_Lcd_Write_Char           text19       16EC
_Lcd_Write_String         text18       1729
_OPTION_REGbits           (abs)        0081
_OSCCONbits               (abs)        008F
_PIE1bits                 (abs)        008C
_PIR1bits                 (abs)        000C
_PORTB                    (abs)        0006
_PORTDbits                (abs)        0008
_PR2                      (abs)        0092
_RD3                      (abs)        0043
_RD4                      (abs)        0044
_RD5                      (abs)        0045
_RD6                      (abs)        0046
_RD7                      (abs)        0047
_T2CONbits                (abs)        0012
_TMR0                     (abs)        0001
_TRISB                    (abs)        0086
_TRISC                    (abs)        0087
_TRISCbits                (abs)        0087
_TRISD                    (abs)        0088
_VAL_POT_0                bssBANK1     00C6
_VAL_POT_1                bssBANK1     00C5
_VOLTAJE_0                bssBANK1     00BF
_VOLTAJE_1                bssBANK1     00BD
__Habs1                   abs1         0000
__Hbank0                  bank0        0000
__Hbank1                  bank1        0000
__Hbank2                  bank2        0000
__Hbank3                  bank3        0000
__HbssBANK1               bssBANK1     0000
__HbssCOMMON              bssCOMMON    0000
__Hcinit                  cinit        0024
__Hclrtext                clrtext      0000
__Hcode                   code         0000
__Hcommon                 common       0000
__Hconfig                 config       2009
__HcstackBANK0            cstackBANK0  0000
__HcstackBANK1            cstackBANK1  0000
__HcstackCOMMON           cstackCOMMON 0000
__Heeprom_data            eeprom_data  0000
__Hend_init               end_init     000F
__Hfunctab                functab      0000
__Hidloc                  idloc        2004
__Hinit                   init         000C
__Hintentry               intentry     000C
__Hmaintext               maintext     0000
__Hpowerup                powerup      0000
__Hram                    ram          0000
__Hreset_vec              reset_vec    0003
__Hsfr0                   sfr0         0000
__Hsfr1                   sfr1         0000
__Hsfr2                   sfr2         0000
__Hsfr3                   sfr3         0000
__Hspace_0                (abs)        1800
__Hspace_1                (abs)        00C8
__Hspace_2                (abs)        0000
__Hspace_3                (abs)        0000
__Hspace_4                (abs)        4010
__Hstack                  stack        0000
__Hstrings                strings      0000
__Htext                   text         0000
__Labs1                   abs1         0000
__Lbank0                  bank0        0000
__Lbank1                  bank1        0000
__Lbank2                  bank2        0000
__Lbank3                  bank3        0000
__LbssBANK1               bssBANK1     0000
__LbssCOMMON              bssCOMMON    0000
__Lcinit                  cinit        000F
__Lclrtext                clrtext      0000
__Lcode                   code         0000
__Lcommon                 common       0000
__Lconfig                 config       0000
__LcstackBANK0            cstackBANK0  0000
__LcstackBANK1            cstackBANK1  0000
__LcstackCOMMON           cstackCOMMON 0000
__Leeprom_data            eeprom_data  0000
__Lend_init               end_init     000C
__Lfunctab                functab      0000
__Lidloc                  idloc        0000
__Linit                   init         000C
__Lintentry               intentry     0004
__Lmaintext               maintext     0000
__Lpowerup                powerup      0000
__Lram                    ram          0000
__Lreset_vec              reset_vec    0000
__Lsfr0                   sfr0         0000
__Lsfr1                   sfr1         0000
__Lsfr2                   sfr2         0000
__Lsfr3                   sfr3         0000
__Lspace_0                (abs)        0000
__Lspace_1                (abs)        0000
__Lspace_2                (abs)        0000
__Lspace_3                (abs)        0000
__Lspace_4                (abs)        0000
__Lstack                  stack        0000
__Lstrings                strings      0000
__Ltext                   text         0000
__S0                      (abs)        1800
__S1                      (abs)        00C8
__S3                      (abs)        0000
__Umul8_16                text13       07D5
__Umul8_16@multiplicand   cstackBANK0  0020
__Umul8_16@multiplier     cstackBANK0  0028
__Umul8_16@product        cstackBANK0  0024
__Umul8_16@word_mpld      cstackBANK0  0026
___bmul                   text17       161D
___bmul@multiplicand      cstackBANK0  0020
___bmul@multiplier        cstackBANK0  0023
___bmul@product           cstackBANK0  0022
___fladd                  text15       0024
___fladd@a                cstackBANK0  0066
___fladd@aexp             cstackBANK0  006B
___fladd@b                cstackBANK0  0062
___fladd@bexp             cstackBANK0  006C
___fladd@grs              cstackBANK0  006D
___fladd@signs            cstackBANK0  006A
___fldiv                  text14       0E23
___fldiv@a                cstackBANK0  002E
___fldiv@aexp             cstackBANK0  0047
___fldiv@b                cstackBANK0  0032
___fldiv@bexp             cstackBANK0  0046
___fldiv@grs              cstackBANK0  0042
___fldiv@new_exp          cstackBANK0  0040
___fldiv@rem              cstackBANK0  003B
___fldiv@sign             cstackBANK0  003F
___flmul                  text12       038A
___flmul@a                cstackBANK0  004C
___flmul@aexp             cstackBANK0  005A
___flmul@b                cstackBANK0  0048
___flmul@bexp             cstackBANK0  005B
___flmul@grs              cstackBANK0  0056
___flmul@prod             cstackBANK0  005C
___flmul@sign             cstackBANK0  0055
___flmul@temp             cstackBANK0  0060
___fltol                  text11       0A50
___fltol@exp1             cstackBANK0  006F
___fltol@f1               cstackBANK1  00A8
___fltol@sign1            cstackBANK0  006E
___int_sp                 stack        0000
___latbits                (abs)        0002
___lwdiv                  text3        176F
___lwdiv@counter          cstackBANK0  0027
___lwdiv@dividend         cstackBANK0  0022
___lwdiv@divisor          cstackBANK0  0020
___lwdiv@quotient         cstackBANK0  0025
___lwmod                  text2        16B0
___lwmod@counter          cstackBANK0  002D
___lwmod@dividend         cstackBANK0  002A
___lwmod@divisor          cstackBANK0  0028
___sp                     stack        0000
___stackhi                (abs)        0000
___stacklo                (abs)        0000
___xxtofl                 text10       0AE2
___xxtofl@arg             cstackBANK0  002A
___xxtofl@exp             cstackBANK0  0029
___xxtofl@sign            cstackBANK0  0028
___xxtofl@val             cstackBANK0  0020
__end_of_Lcd_Clear        text22       161D
__end_of_Lcd_Cmd          text23       0899
__end_of_Lcd_Init         text21       09EC
__end_of_Lcd_Port         text24       1654
__end_of_Lcd_Set_Cursor   text20       098E
__end_of_Lcd_Write_Char   text19       1729
__end_of_Lcd_Write_String text18       176F
__end_of__Umul8_16        text13       07FE
__end_of___bmul           text17       1634
__end_of___fladd          text15       038A
__end_of___fldiv          text14       1000
__end_of___flmul          text12       06EB
__end_of___fltol          text11       0AE2
__end_of___lwdiv          text3        17B5
__end_of___lwmod          text2        16EC
__end_of___xxtofl         text10       0B9E
__end_of__initialization  cinit        0020
__end_of__stringtab       strings      0810
__end_of_adc_init         text8        08E5
__end_of_adc_read         text27       1610
__end_of_adc_start        text16       1678
__end_of_dpowers          strings      081A
__end_of_init_osc_MHz     text7        1800
__end_of_isr              text25       0936
__end_of_main             maintext     0E23
__end_of_map              text9        0C64
__end_of_setup            text4        16B0
__end_of_sprintf          text1        07D5
__end_of_tmr0_init        text6        0A50
__end_of_tmr0_reload      text5        1605
__end_ofi1_tmr0_reload    text26       15FF
__initialization          cinit        000F
__pbssBANK1               bssBANK1     00BD
__pbssCOMMON              bssCOMMON    0077
__pcstackBANK0            cstackBANK0  0020
__pcstackBANK1            cstackBANK1  00A0
__pcstackCOMMON           cstackCOMMON 0070
__pintentry               intentry     0004
__pmaintext               maintext     0C64
__pstrings                strings      0800
__ptext1                  text1        06EB
__ptext10                 text10       0AE2
__ptext11                 text11       0A50
__ptext12                 text12       038A
__ptext13                 text13       07D5
__ptext14                 text14       0E23
__ptext15                 text15       0024
__ptext16                 text16       1654
__ptext17                 text17       161D
__ptext18                 text18       1729
__ptext19                 text19       16EC
__ptext2                  text2        16B0
__ptext20                 text20       0936
__ptext21                 text21       098E
__ptext22                 text22       1610
__ptext23                 text23       087D
__ptext24                 text24       1634
__ptext25                 text25       08E5
__ptext26                 text26       15F9
__ptext27                 text27       1605
__ptext3                  text3        176F
__ptext4                  text4        1678
__ptext5                  text5        15FF
__ptext6                  text6        09EC
__ptext7                  text7        17B5
__ptext8                  text8        0899
__ptext9                  text9        0B9E
__stringbase              strings      080F
__stringtab               strings      0800
_adc_init                 text8        0899
_adc_read                 text27       1605
_adc_start                text16       1654
_bandera                  bssCOMMON    0078
_canal_ADC                bssCOMMON    0079
_contador                 bssCOMMON    007A
_dec_POT_0                bssBANK1     00C3
_dec_POT_1                bssBANK1     00C1
_dpowers                  strings      0810
_init_POT_0               bssBANK1     00C4
_init_POT_1               bssBANK1     00C2
_init_osc_MHz             text7        17B5
_isr                      text25       08E5
_main                     maintext     0C64
_map                      text9        0B9E
_s                        bssBANK1     00C7
_setup                    text4        1678
_sprintf                  text1        06EB
_tmr0_init                text6        09EC
_tmr0_reload              text5        15FF
adc_init@adc_cs           cstackBANK0  0024
adc_init@vref_minus       cstackBANK0  0021
adc_init@vref_plus        cstackBANK0  0020
adc_start@channel         cstackBANK0  0021
btemp                     (abs)        007E
end_of_initialization     cinit        0020
i1_tmr0_reload            text26       15F9
init_osc_MHz@freq         cstackBANK0  0022
interrupt_function        intentry     0004
intlevel0                 functab      0000
intlevel1                 functab      0000
intlevel2                 functab      0000
intlevel3                 functab      0000
intlevel4                 functab      0000
intlevel5                 functab      0000
map@x                     cstackBANK1  00B7
map@x0                    cstackBANK1  00B1
map@x1                    cstackBANK1  00B2
map@y0                    cstackBANK1  00B3
map@y1                    cstackBANK1  00B5
reset_vec                 reset_vec    0000
saved_w                   (abs)        007E
sprintf@ap                cstackBANK0  0036
sprintf@c                 cstackBANK0  003C
sprintf@f                 cstackBANK0  002E
sprintf@flag              cstackBANK0  0037
sprintf@prec              cstackBANK0  0038
sprintf@sp                cstackBANK0  003B
sprintf@val               cstackBANK0  0039
start                     init         000C
start_initialization      cinit        000F
tmr0_init@prescaler       cstackBANK0  0020
wtemp0                    (abs)        007E


MODULE INFORMATION

Module		Function		Class		Link	Load	Size
../LABORATORIO1.X/tmr0.c
		_tmr0_reload   		CODE           	15FF	0000	6
		_tmr0_init     		CODE           	09EC	0000	100

../LABORATORIO1.X/tmr0.c estimated size: 106

../LABORATORIO1.X/adc.c
		_adc_start     		CODE           	1654	0000	36
		_adc_read      		CODE           	1605	0000	11
		_adc_init      		CODE           	0899	0000	76

../LABORATORIO1.X/adc.c estimated size: 123

C:\Program Files\Microchip\xc8\v2.35\pic\sources\c90\common\xxtofl.c
		___xxtofl      		CODE           	0AE2	0000	188

C:\Program Files\Microchip\xc8\v2.35\pic\sources\c90\common\xxtofl.c estimated size: 188

C:\Program Files\Microchip\xc8\v2.35\pic\sources\c90\common\lwdiv.c
		___lwdiv       		CODE           	176F	0000	70

C:\Program Files\Microchip\xc8\v2.35\pic\sources\c90\common\lwdiv.c estimated size: 70

C:\Program Files\Microchip\xc8\v2.35\pic\sources\c90\common\fltol.c
		___fltol       		CODE           	0A50	0000	146

C:\Program Files\Microchip\xc8\v2.35\pic\sources\c90\common\fltol.c estimated size: 146

C:\Program Files\Microchip\xc8\v2.35\pic\sources\c90\common\Umul8.c
		___bmul        		CODE           	161D	0000	23

C:\Program Files\Microchip\xc8\v2.35\pic\sources\c90\common\Umul8.c estimated size: 23

C:\Program Files\Microchip\xc8\v2.35\pic\sources\c90\common\doprnt.c
		_sprintf       		CODE           	06EB	0000	234

C:\Program Files\Microchip\xc8\v2.35\pic\sources\c90\common\doprnt.c estimated size: 234

../LABORATORIO1.X/oscilador.c
		_init_osc_MHz  		CODE           	17B5	0000	75

../LABORATORIO1.X/oscilador.c estimated size: 75

C:\Program Files\Microchip\xc8\v2.35\pic\sources\c90\common\sprcmul.c
		___flmul       		CODE           	038A	0000	865

C:\Program Files\Microchip\xc8\v2.35\pic\sources\c90\common\sprcmul.c estimated size: 865

C:\Program Files\Microchip\xc8\v2.35\pic\sources\c90\common\sprcdiv.c
		___fldiv       		CODE           	0E23	0000	477

C:\Program Files\Microchip\xc8\v2.35\pic\sources\c90\common\sprcdiv.c estimated size: 477

../LABORATORIO1.X/LCD.c
		_Lcd_Write_String		CODE           	1729	0000	70
		_Lcd_Init      		CODE           	098E	0000	94
		_Lcd_Write_Char		CODE           	16EC	0000	61
		_Lcd_Cmd       		CODE           	087D	0000	28
		_Lcd_Set_Cursor		CODE           	0936	0000	88
		_Lcd_Clear     		CODE           	1610	0000	13
		_Lcd_Port      		CODE           	1634	0000	32

../LABORATORIO1.X/LCD.c estimated size: 386

shared
		__stringtab    		STRING         	0800	0000	16
		_dpowers       		STRING         	0810	0000	10
		__initialization		CODE           	000F	0000	17
		i1_tmr0_reload 		CODE           	15F9	0000	6

shared estimated size: 49

C:\Program Files\Microchip\xc8\v2.35\pic\sources\c90\common\Umul8_16.c
		__Umul8_16     		CODE           	07D5	0000	41

C:\Program Files\Microchip\xc8\v2.35\pic\sources\c90\common\Umul8_16.c estimated size: 41

C:\Program Files\Microchip\xc8\v2.35\pic\sources\c90\common\lwmod.c
		___lwmod       		CODE           	16B0	0000	60

C:\Program Files\Microchip\xc8\v2.35\pic\sources\c90\common\lwmod.c estimated size: 60

main.c
		_map           		CODE           	0B9E	0000	198
		_main          		CODE           	0C64	0000	447
		_isr           		CODE           	08E5	0000	81
		_setup         		CODE           	1678	0000	56

main.c estimated size: 782

C:\Program Files\Microchip\xc8\v2.35\pic\sources\c90\common\sprcadd.c
		___fladd       		CODE           	0024	0000	870

C:\Program Files\Microchip\xc8\v2.35\pic\sources\c90\common\sprcadd.c estimated size: 870

